// Jest Snapshot v1, https://goo.gl/fbAQLP

exports[`renders the Aside component 1`] = `null`;
